// Jest Snapshot v1, https://goo.gl/fbAQLP

exports[`returns highest person 1`] = `202`;
